"user_id","email_notifications","push_notifications"
1,true,false