"user_id","bio","age","github_id"
1,"I like cats",30,"nanashi"