"user_id","first_name","last_name","email"
1,John,Doe,john.doe@anonymouse.com