"user_id","email_notifications","push_notifications"