"user_id","first_name","last_name","email"
1,権兵衛,名無しの,gonbe.nanashino@anonymouse.com